// Vitest Snapshot v1, https://vitest.dev/guide/snapshot.html

exports[`Header component > renders component 1`] = `
<div>
  <div
    class="title-container"
  >
    <img
      alt="a normal pokeball as a logo of the page"
      id="logo"
      src="/src/assets/pokeball-logo.jpg"
    />
    <h1>
      Pokememory
    </h1>
    <div
      class="icon-container"
    >
      <i
        class="fa-solid fa-circle-question"
      />
      <a
        href="https://github.com/MMadlos/memory-card-game"
        rel="noreferrer"
        target="_blank"
      >
        <i
          class="fa-brands fa-github"
        />
      </a>
    </div>
  </div>
</div>
`;

exports[`Header component > renders title container 1`] = `
<div>
  <div
    class="title-container"
  >
    <img
      alt="a normal pokeball as a logo of the page"
      id="logo"
      src="/src/assets/pokeball-logo.jpg"
    />
    <h1>
      Pokememory
    </h1>
    <div
      class="icon-container"
    >
      <i
        class="fa-solid fa-circle-question"
      />
      <a
        href="https://github.com/MMadlos/memory-card-game"
        rel="noreferrer"
        target="_blank"
      >
        <i
          class="fa-brands fa-github"
        />
      </a>
    </div>
  </div>
</div>
`;
